// Jest Snapshot v1, https://goo.gl/fbAQLP

exports[`Return compiled template when valid 1`] = `
Object {
  "template": [Function],
}
`;
